This is pdfTeX, Version 3.141592653-2.6-1.40.26 (TeX Live 2024) (preloaded format=pdflatex 2024.4.26)  23 SEP 2025 21:16
entering extended mode
 restricted \write18 enabled.
 file:line:error style messages enabled.
 %&-line parsing enabled.
**chapter_02_global-average-temperature.tex
(./chapter_02_global-average-temperature.tex
LaTeX2e <2023-11-01> patch level 1
L3 programming layer <2024-02-20>
./chapter_02_global-average-temperature.tex:2: Undefined control sequence.
l.2 \ChapterWithSubtitle
                        {Global Average Temperature}{The anomaly's not ``ano...

? 

./chapter_02_global-average-temperature.tex:2: LaTeX Error: Missing \begin{docu
ment}.

See the LaTeX manual or LaTeX Companion for explanation.
Type  H <return>  for immediate help.
 ...                                              
                                                  
l.2 \ChapterWithSubtitle{G
                          lobal Average Temperature}{The anomaly's not ``ano...

? 
./chapter_02_global-average-temperature.tex:2: Emergency stop.
 ...                                              
                                                  
l.2 \ChapterWithSubtitle{G
                          lobal Average Temperature}{The anomaly's not ``ano...

You're in trouble here.  Try typing  <return>  to proceed.
If that doesn't work, type  X <return>  to quit.

 
Here is how much of TeX's memory you used:
 17 strings out of 474116
 636 string characters out of 5743682
 1925187 words of memory out of 5000000
 22476 multiletter control sequences out of 15000+600000
 558069 words of font info for 36 fonts, out of 8000000 for 9000
 1141 hyphenation exceptions out of 8191
 15i,0n,18p,158b,18s stack positions out of 10000i,1000n,20000p,200000b,200000s
./chapter_02_global-average-temperature.tex:2:  ==> Fatal error occurred, no ou
tput PDF file produced!
